// Jest Snapshot v1, https://goo.gl/fbAQLP

exports[`it should match the snapshot and render 1`] = `
<div>
  <div>
    <form
      class="sc-92a6c4d3-0 PXQFT"
    >
      <div
        class="sc-85004ba6-0 bNgJme"
      >
        <p>
          Loading films...
        </p>
      </div>
    </form>
  </div>
</div>
`;
